// Jest Snapshot v1, https://goo.gl/fbAQLP

exports[`Navbar Component render layout 1`] = `
<header
  className="MuiPaper-root MuiPaper-elevation4 MuiAppBar-root MuiAppBar-positionStatic MuiAppBar-colorPrimary"
>
  <div
    className="MuiToolbar-root MuiToolbar-regular MuiToolbar-gutters"
  >
    <h5
      className="MuiTypography-root MuiTypography-h5 MuiTypography-colorInherit"
    >
      <a
        href="/"
        onClick={[Function]}
        style={
          Object {
            "color": "inherit",
            "text-decoration": "none",
          }
        }
      >
        Chattermill
      </a>
    </h5>
  </div>
</header>
`;
